Testing GPTMemory Integration...
==================================================

1. Testing db/embeddings.py...
python : Traceback (most 
recent call last):
At line:1 char:1
+ python test_integration.py 
> test_output.txt 2>&1; 
Get-Content test_o ...
+ ~~~~~~~~~~~~~~~~~~~~~~~~~~~
~~~~~~~~~~~~~~~~~~~~~~
    + CategoryInfo           
   : NotSpecified: (Traceba  
  ck (most recent call las   
 t)::String) [], RemoteEx    
ception
    + FullyQualifiedErrorId  
   : NativeCommandError
 
  File "C:\Users\aryan\ChatGP
T-Cortex\test_integration.py"
, line 15, in <module>
    from db.embeddings 
import get_embeddings
  File "C:\Users\aryan\ChatGP
T-Cortex\db\embeddings.py", 
line 6, in <module>
    from langchain_openai 
import OpenAIEmbeddings
ModuleNotFoundError: No 
module named 
'langchain_openai'

During handling of the above 
exception, another exception 
occurred:

Traceback (most recent call 
last):
  File "C:\Users\aryan\ChatGP
T-Cortex\test_integration.py"
, line 19, in <module>
    print(f"   \u2717 Error: 
{e}")
  File "C:\Program Files\Wind
owsApps\PythonSoftwareFoundat
ion.Python.3.11_3.11.2544.0_x
64__qbz5n2kfra8p0\Lib\encodin
gs\cp1252.py", line 19, in 
encode
    return codecs.charmap_enc
ode(input,self.errors,encodin
g_table)[0]
           ^^^^^^^^^^^^^^^^^^
^^^^^^^^^^^^^^^^^^^^^^^^^^^^^
^^^^^^^^
UnicodeEncodeError: 
'charmap' codec can't encode 
character '\u2717' in 
position 3: character maps 
to <undefined>
